\BOOKMARK [0][-]{section*.2}{\376\377\000E\000l\000e\000c\000t\000r\000o\000s\000t\000a\000t\000i\000c\000\040\000C\000h\000a\000m\000b\000e\000r\000\040\000D\000y\000n\000a\000m\000i\000c\000s\000\040\000i\000n\000\040\000L\000i\000v\000i\000n\000g\000\040\000C\000e\000l\000l\000s\000:\000\040\000C\000h\000a\000r\000g\000e\000\040\000R\000e\000d\000i\000s\000t\000r\000i\000b\000u\000t\000i\000o\000n\000\040\000a\000s\000\040\000t\000h\000e\000\040\000O\000r\000g\000a\000n\000i\000z\000i\000n\000g\000\040\000P\000r\000i\000n\000c\000i\000p\000l\000e\000\040\000o\000f\000\040\000C\000e\000l\000l\000u\000l\000a\000r\000\040\000B\000i\000o\000c\000h\000e\000m\000i\000s\000t\000r\000y}{}% 2
\BOOKMARK [1][-]{section*.1}{\376\377\000A\000b\000s\000t\000r\000a\000c\000t}{section*.2}% 1
\BOOKMARK [1][-]{section*.3}{\376\377\000I\000n\000t\000r\000o\000d\000u\000c\000t\000i\000o\000n}{section*.2}% 3
\BOOKMARK [2][-]{section*.4}{\376\377\000T\000h\000e\000\040\000D\000i\000f\000f\000u\000s\000i\000o\000n\000\040\000P\000a\000r\000a\000d\000i\000g\000m\000\040\000a\000n\000d\000\040\000I\000t\000s\000\040\000L\000i\000m\000i\000t\000a\000t\000i\000o\000n\000s}{section*.3}% 4
\BOOKMARK [2][-]{section*.5}{\376\377\000T\000h\000e\000\040\000E\000l\000e\000c\000t\000r\000o\000s\000t\000a\000t\000i\000c\000\040\000H\000y\000p\000o\000t\000h\000e\000s\000i\000s}{section*.3}% 5
\BOOKMARK [2][-]{section*.6}{\376\377\000D\000i\000s\000t\000r\000i\000b\000u\000t\000e\000d\000\040\000M\000o\000l\000e\000c\000u\000l\000a\000r\000\040\000S\000e\000n\000s\000i\000n\000g\000\040\000a\000n\000d\000\040\000T\000r\000a\000n\000s\000-\000P\000l\000a\000n\000c\000k\000i\000a\000n\000\040\000R\000e\000s\000o\000l\000u\000t\000i\000o\000n}{section*.3}% 6
\BOOKMARK [2][-]{section*.7}{\376\377\000E\000p\000h\000e\000m\000e\000r\000a\000l\000\040\000I\000n\000f\000o\000r\000m\000a\000t\000i\000o\000n\000\040\000P\000r\000o\000c\000e\000s\000s\000i\000n\000g}{section*.3}% 7
\BOOKMARK [2][-]{section*.8}{\376\377\000S\000c\000o\000p\000e\000\040\000a\000n\000d\000\040\000O\000r\000g\000a\000n\000i\000z\000a\000t\000i\000o\000n}{section*.3}% 8
\BOOKMARK [1][-]{section*.9}{\376\377\000T\000h\000e\000\040\000C\000e\000l\000l\000u\000l\000a\000r\000\040\000C\000a\000p\000a\000c\000i\000t\000o\000r}{section*.2}% 9
\BOOKMARK [2][-]{section*.10}{\376\377\000T\000h\000r\000e\000e\000-\000L\000a\000y\000e\000r\000\040\000A\000r\000c\000h\000i\000t\000e\000c\000t\000u\000r\000e}{section*.9}% 10
\BOOKMARK [2][-]{section*.11}{\376\377\000T\000h\000e\000\040\000S\000t\000a\000t\000i\000c\000\040\000E\000l\000e\000c\000t\000r\000i\000c\000\040\000F\000i\000e\000l\000d}{section*.9}% 11
\BOOKMARK [2][-]{section*.12}{\376\377\000F\000i\000e\000l\000d\000\040\000G\000r\000a\000d\000i\000e\000n\000t\000\040\000a\000n\000d\000\040\000M\000o\000l\000e\000c\000u\000l\000a\000r\000\040\000F\000o\000r\000c\000e\000s}{section*.9}% 12
\BOOKMARK [2][-]{section*.13}{\376\377\000D\000e\000b\000y\000e\000\040\000S\000c\000r\000e\000e\000n\000i\000n\000g}{section*.9}% 13
\BOOKMARK [2][-]{section*.14}{\376\377\000F\000i\000e\000l\000d\000\040\000F\000l\000u\000c\000t\000u\000a\000t\000i\000o\000n\000s\000\040\000a\000n\000d\000\040\000T\000e\000m\000p\000o\000r\000a\000l\000\040\000D\000y\000n\000a\000m\000i\000c\000s}{section*.9}% 14
\BOOKMARK [2][-]{section*.15}{\376\377\000E\000n\000e\000r\000g\000y\000\040\000S\000t\000o\000r\000a\000g\000e}{section*.9}% 15
\BOOKMARK [2][-]{section*.16}{\376\377\000P\000o\000w\000e\000r\000\040\000D\000i\000s\000s\000i\000p\000a\000t\000i\000o\000n\000\040\000a\000n\000d\000\040\000M\000e\000t\000a\000b\000o\000l\000i\000c\000\040\000C\000o\000s\000t}{section*.9}% 16
\BOOKMARK [2][-]{section*.17}{\376\377\000T\000h\000e\000\040\000C\000i\000r\000c\000u\000i\000t\000\040\000T\000h\000a\000t\000\040\000D\000o\000e\000s\000\040\000N\000o\000t\000\040\000C\000o\000m\000p\000l\000e\000t\000e}{section*.9}% 17
\BOOKMARK [2][-]{section*.18}{\376\377\000I\000n\000f\000o\000r\000m\000a\000t\000i\000o\000n\000\040\000C\000a\000p\000a\000c\000i\000t\000y\000\040\000o\000f\000\040\000t\000h\000e\000\040\000C\000a\000p\000a\000c\000i\000t\000o\000r\000\040\000S\000t\000a\000t\000e}{section*.9}% 18
\BOOKMARK [2][-]{section*.19}{\376\377\000C\000o\000m\000p\000a\000r\000i\000s\000o\000n\000\040\000t\000o\000\040\000A\000r\000t\000i\000f\000i\000c\000i\000a\000l\000\040\000C\000a\000p\000a\000c\000i\000t\000o\000r\000s}{section*.9}% 19
\BOOKMARK [1][-]{section*.20}{\376\377\000E\000l\000e\000c\000t\000r\000o\000s\000t\000a\000t\000i\000c\000\040\000C\000h\000a\000m\000b\000e\000r\000\040\000F\000o\000r\000m\000a\000t\000i\000o\000n}{section*.2}% 20
\BOOKMARK [2][-]{section*.21}{\376\377\000M\000e\000m\000b\000r\000a\000n\000e\000\040\000C\000h\000a\000r\000g\000e\000\040\000R\000e\000d\000i\000s\000t\000r\000i\000b\000u\000t\000i\000o\000n}{section*.20}% 21
\BOOKMARK [2][-]{section*.22}{\376\377\000C\000h\000a\000m\000b\000e\000r\000\040\000F\000o\000r\000m\000a\000t\000i\000o\000n\000\040\000M\000e\000c\000h\000a\000n\000i\000s\000m}{section*.20}% 22
\BOOKMARK [2][-]{section*.23}{\376\377\000C\000h\000a\000m\000b\000e\000r\000\040\000C\000h\000a\000r\000a\000c\000t\000e\000r\000i\000s\000t\000i\000c\000s}{section*.20}% 23
\BOOKMARK [2][-]{section*.24}{\376\377\000C\000o\000n\000f\000i\000n\000e\000m\000e\000n\000t\000\040\000C\000r\000i\000t\000e\000r\000i\000o\000n}{section*.20}% 24
\BOOKMARK [2][-]{section*.25}{\376\377\000C\000h\000a\000m\000b\000e\000r\000\040\000L\000i\000f\000e\000t\000i\000m\000e\000\040\000a\000n\000d\000\040\000D\000y\000n\000a\000m\000i\000c\000s}{section*.20}% 25
\BOOKMARK [2][-]{section*.26}{\376\377\000C\000h\000a\000m\000b\000e\000r\000\040\000D\000e\000n\000s\000i\000t\000y\000\040\000a\000n\000d\000\040\000T\000u\000r\000n\000o\000v\000e\000r}{section*.20}% 26
\BOOKMARK [2][-]{section*.27}{\376\377\000O\0002\000\040\000S\000e\000n\000s\000i\000n\000g\000\040\000o\000f\000\040\000C\000h\000a\000m\000b\000e\000r\000\040\000D\000y\000n\000a\000m\000i\000c\000s}{section*.20}% 27
\BOOKMARK [2][-]{section*.28}{\376\377\000E\000n\000e\000r\000g\000y\000\040\000H\000a\000r\000v\000e\000s\000t\000i\000n\000g\000\040\000f\000r\000o\000m\000\040\000C\000h\000a\000m\000b\000e\000r\000\040\000D\000y\000n\000a\000m\000i\000c\000s}{section*.20}% 28
\BOOKMARK [2][-]{section*.29}{\376\377\000T\000r\000a\000n\000s\000-\000P\000l\000a\000n\000c\000k\000i\000a\000n\000\040\000C\000h\000a\000m\000b\000e\000r\000\040\000D\000y\000n\000a\000m\000i\000c\000s}{section*.20}% 29
\BOOKMARK [2][-]{section*.30}{\376\377\000C\000o\000m\000p\000a\000r\000i\000s\000o\000n\000\040\000t\000o\000\040\000O\000t\000h\000e\000r\000\040\000C\000o\000n\000f\000i\000n\000e\000m\000e\000n\000t\000\040\000M\000e\000c\000h\000a\000n\000i\000s\000m\000s}{section*.20}% 30
\BOOKMARK [1][-]{section*.31}{\376\377\000T\000h\000e\000\040\000G\000e\000n\000o\000m\000e\000\040\000a\000s\000\040\000E\000l\000e\000c\000t\000r\000o\000m\000a\000g\000n\000e\000t\000i\000c\000\040\000S\000c\000a\000f\000f\000o\000l\000d}{section*.2}% 31
\BOOKMARK [2][-]{section*.32}{\376\377\000S\000e\000q\000u\000e\000n\000c\000e\000-\000I\000n\000d\000e\000p\000e\000n\000d\000e\000n\000t\000\040\000C\000h\000a\000r\000g\000e}{section*.31}% 32
\BOOKMARK [2][-]{section*.33}{\376\377\000Q\000u\000a\000n\000t\000i\000t\000a\000t\000i\000v\000e\000\040\000C\000h\000a\000r\000g\000e\000\040\000D\000i\000s\000t\000r\000i\000b\000u\000t\000i\000o\000n}{section*.31}% 33
\BOOKMARK [2][-]{section*.34}{\376\377\000T\000h\000e\000\040\000C\000-\000V\000a\000l\000u\000e\000\040\000P\000a\000r\000a\000d\000o\000x\000\040\000R\000e\000s\000o\000l\000u\000t\000i\000o\000n}{section*.31}% 34
\BOOKMARK [2][-]{section*.35}{\376\377\000E\000m\000p\000i\000r\000i\000c\000a\000l\000\040\000E\000v\000i\000d\000e\000n\000c\000e\000\040\000f\000o\000r\000\040\000M\000e\000t\000a\000b\000o\000l\000i\000c\000\040\000S\000c\000a\000l\000i\000n\000g}{section*.31}% 35
\BOOKMARK [2][-]{section*.36}{\376\377\000C\000h\000r\000o\000m\000a\000t\000i\000n\000\040\000a\000s\000\040\000C\000h\000a\000r\000g\000e\000\040\000M\000o\000d\000u\000l\000a\000t\000o\000r}{section*.31}% 36
\BOOKMARK [2][-]{section*.37}{\376\377\000C\000h\000r\000o\000m\000a\000t\000i\000n\000\040\000D\000y\000n\000a\000m\000i\000c\000s\000\040\000a\000n\000d\000\040\000F\000i\000e\000l\000d\000\040\000M\000o\000d\000u\000l\000a\000t\000i\000o\000n}{section*.31}% 37
\BOOKMARK [2][-]{section*.38}{\376\377\000O\0002\000\040\000S\000e\000n\000s\000i\000n\000g\000\040\000o\000f\000\040\000C\000h\000r\000o\000m\000a\000t\000i\000n\000\040\000S\000t\000a\000t\000e}{section*.31}% 38
\BOOKMARK [2][-]{section*.39}{\376\377\000I\000n\000f\000o\000r\000m\000a\000t\000i\000o\000n\000\040\000C\000o\000n\000t\000e\000n\000t\000\040\000o\000f\000\040\000C\000h\000r\000o\000m\000a\000t\000i\000n\000\040\000S\000t\000a\000t\000e}{section*.31}% 39
\BOOKMARK [2][-]{section*.40}{\376\377\000E\000v\000o\000l\000u\000t\000i\000o\000n\000a\000r\000y\000\040\000I\000m\000p\000l\000i\000c\000a\000t\000i\000o\000n\000s}{section*.31}% 40
\BOOKMARK [2][-]{section*.41}{\376\377\000T\000h\000e\000r\000a\000p\000e\000u\000t\000i\000c\000\040\000I\000m\000p\000l\000i\000c\000a\000t\000i\000o\000n\000s}{section*.31}% 41
\BOOKMARK [2][-]{section*.42}{\376\377\000C\000o\000m\000p\000a\000r\000i\000s\000o\000n\000\040\000t\000o\000\040\000I\000n\000f\000o\000r\000m\000a\000t\000i\000o\000n\000-\000C\000e\000n\000t\000r\000i\000c\000\040\000M\000o\000d\000e\000l\000s}{section*.31}% 42
\BOOKMARK [1][-]{section*.43}{\376\377\000M\000o\000l\000e\000c\000u\000l\000a\000r\000\040\000O\000x\000y\000g\000e\000n\000\040\000a\000s\000\040\000D\000i\000s\000t\000r\000i\000b\000u\000t\000e\000d\000\040\000F\000i\000e\000l\000d\000\040\000S\000e\000n\000s\000o\000r}{section*.2}% 43
\BOOKMARK [2][-]{section*.44}{\376\377\000P\000r\000o\000p\000e\000r\000t\000i\000e\000s\000\040\000o\000f\000\040\000M\000o\000l\000e\000c\000u\000l\000a\000r\000\040\000O\000x\000y\000g\000e\000n}{section*.43}% 44
\BOOKMARK [2][-]{section*.45}{\376\377\000F\000i\000e\000l\000d\000-\000I\000n\000d\000u\000c\000e\000d\000\040\000F\000r\000e\000q\000u\000e\000n\000c\000y\000\040\000S\000h\000i\000f\000t}{section*.43}% 45
\BOOKMARK [2][-]{section*.46}{\376\377\000O\0002\000\040\000a\000s\000\040\000S\000e\000n\000s\000o\000r\000\040\000N\000e\000t\000w\000o\000r\000k}{section*.43}% 46
\BOOKMARK [2][-]{section*.47}{\376\377\000C\000a\000t\000e\000g\000o\000r\000i\000c\000a\000l\000\040\000S\000t\000a\000t\000e\000\040\000S\000p\000a\000c\000e\000\040\000a\000n\000d\000\040\000T\000r\000a\000n\000s\000-\000P\000l\000a\000n\000c\000k\000i\000a\000n\000\040\000R\000e\000s\000o\000l\000u\000t\000i\000o\000n}{section*.43}% 47
\BOOKMARK [2][-]{section*.48}{\376\377\000E\000x\000p\000e\000r\000i\000m\000e\000n\000t\000a\000l\000\040\000V\000a\000l\000i\000d\000a\000t\000i\000o\000n\000\040\000o\000f\000\040\000T\000r\000a\000n\000s\000-\000P\000l\000a\000n\000c\000k\000i\000a\000n\000\040\000M\000e\000c\000h\000a\000n\000i\000s\000m}{section*.43}% 48
\BOOKMARK [2][-]{section*.49}{\376\377\000I\000n\000f\000o\000r\000m\000a\000t\000i\000o\000n\000\040\000C\000a\000p\000a\000c\000i\000t\000y\000\040\000a\000n\000d\000\040\000B\000a\000n\000d\000w\000i\000d\000t\000h}{section*.43}% 49
\BOOKMARK [2][-]{section*.50}{\376\377\000D\000e\000t\000e\000c\000t\000i\000o\000n\000\040\000o\000f\000\040\000C\000h\000a\000m\000b\000e\000r\000\040\000F\000o\000r\000m\000a\000t\000i\000o\000n}{section*.43}% 50
\BOOKMARK [2][-]{section*.51}{\376\377\000P\000h\000a\000s\000e\000\040\000A\000c\000c\000u\000m\000u\000l\000a\000t\000i\000o\000n\000\040\000a\000n\000d\000\040\000F\000i\000e\000l\000d\000\040\000M\000e\000m\000o\000r\000y}{section*.43}% 51
\BOOKMARK [2][-]{section*.52}{\376\377\000T\000e\000m\000p\000o\000r\000a\000l\000\040\000R\000e\000s\000o\000l\000u\000t\000i\000o\000n\000\040\000a\000n\000d\000\040\000D\000e\000t\000e\000c\000t\000i\000o\000n\000\040\000B\000a\000n\000d\000w\000i\000d\000t\000h}{section*.43}% 52
\BOOKMARK [2][-]{section*.53}{\376\377\000C\000o\000m\000p\000u\000t\000a\000t\000i\000o\000n\000a\000l\000\040\000V\000a\000l\000i\000d\000a\000t\000i\000o\000n\000\040\000S\000u\000m\000m\000a\000r\000y}{section*.43}% 53
\BOOKMARK [1][-]{section*.54}{\376\377\000M\000a\000s\000t\000e\000r\000\040\000E\000q\000u\000a\000t\000i\000o\000n\000\040\000f\000o\000r\000\040\000C\000h\000a\000r\000g\000e\000\040\000R\000e\000d\000i\000s\000t\000r\000i\000b\000u\000t\000i\000o\000n}{section*.2}% 54
\BOOKMARK [2][-]{section*.55}{\376\377\000S\000t\000a\000t\000e\000\040\000V\000a\000r\000i\000a\000b\000l\000e\000s}{section*.54}% 55
\BOOKMARK [2][-]{section*.56}{\376\377\000G\000o\000v\000e\000r\000n\000i\000n\000g\000\040\000E\000q\000u\000a\000t\000i\000o\000n\000s}{section*.54}% 56
\BOOKMARK [2][-]{section*.57}{\376\377\000T\000i\000m\000e\000s\000c\000a\000l\000e\000\040\000H\000i\000e\000r\000a\000r\000c\000h\000y}{section*.54}% 57
\BOOKMARK [2][-]{section*.58}{\376\377\000C\000h\000a\000m\000b\000e\000r\000\040\000F\000o\000r\000m\000a\000t\000i\000o\000n\000\040\000D\000y\000n\000a\000m\000i\000c\000s}{section*.54}% 58
\BOOKMARK [2][-]{section*.59}{\376\377\000F\000l\000u\000c\000t\000u\000a\000t\000i\000o\000n\000-\000D\000i\000s\000s\000i\000p\000a\000t\000i\000o\000n\000\040\000R\000e\000l\000a\000t\000i\000o\000n}{section*.54}% 59
\BOOKMARK [2][-]{section*.60}{\376\377\000C\000o\000u\000p\000l\000i\000n\000g\000\040\000t\000o\000\040\000M\000e\000t\000a\000b\000o\000l\000i\000s\000m}{section*.54}% 60
\BOOKMARK [2][-]{section*.61}{\376\377\000I\000n\000f\000o\000r\000m\000a\000t\000i\000o\000n\000\040\000C\000o\000n\000t\000e\000n\000t\000\040\000a\000n\000d\000\040\000M\000u\000t\000u\000a\000l\000\040\000I\000n\000f\000o\000r\000m\000a\000t\000i\000o\000n}{section*.54}% 61
\BOOKMARK [2][-]{section*.62}{\376\377\000R\000e\000c\000o\000n\000s\000t\000r\000u\000c\000t\000i\000o\000n\000\040\000A\000l\000g\000o\000r\000i\000t\000h\000m}{section*.54}% 62
\BOOKMARK [1][-]{section*.63}{\376\377\000E\000x\000p\000e\000r\000i\000m\000e\000n\000t\000a\000l\000\040\000P\000r\000e\000d\000i\000c\000t\000i\000o\000n\000s}{section*.2}% 63
\BOOKMARK [2][-]{section*.64}{\376\377\000D\000i\000r\000e\000c\000t\000\040\000P\000r\000e\000d\000i\000c\000t\000i\000o\000n\000s}{section*.63}% 64
\BOOKMARK [2][-]{section*.65}{\376\377\000I\000n\000d\000i\000r\000e\000c\000t\000\040\000P\000r\000e\000d\000i\000c\000t\000i\000o\000n\000s}{section*.63}% 65
\BOOKMARK [2][-]{section*.66}{\376\377\000N\000u\000l\000l\000\040\000P\000r\000e\000d\000i\000c\000t\000i\000o\000n\000s\000\040\000\050\000P\000o\000t\000e\000n\000t\000i\000a\000l\000\040\000F\000a\000l\000s\000i\000f\000i\000c\000a\000t\000i\000o\000n\000s\000\051}{section*.63}% 66
\BOOKMARK [1][-]{section*.67}{\376\377\000D\000i\000s\000c\000u\000s\000s\000i\000o\000n}{section*.2}% 67
\BOOKMARK [2][-]{section*.68}{\376\377\000R\000e\000l\000a\000t\000i\000o\000n\000\040\000t\000o\000\040\000E\000x\000i\000s\000t\000i\000n\000g\000\040\000F\000r\000a\000m\000e\000w\000o\000r\000k\000s}{section*.67}% 68
\BOOKMARK [2][-]{section*.69}{\376\377\000L\000i\000m\000i\000t\000a\000t\000i\000o\000n\000s}{section*.67}% 69
\BOOKMARK [2][-]{section*.70}{\376\377\000T\000h\000e\000o\000r\000e\000t\000i\000c\000a\000l\000\040\000C\000o\000n\000s\000i\000s\000t\000e\000n\000c\000y}{section*.67}% 70
\BOOKMARK [1][-]{section*.71}{\376\377\000C\000o\000n\000c\000l\000u\000s\000i\000o\000n}{section*.2}% 71
\BOOKMARK [1][-]{section*.72}{\376\377\000D\000a\000t\000a\000\040\000A\000v\000a\000i\000l\000a\000b\000i\000l\000i\000t\000y}{section*.2}% 72
\BOOKMARK [1][-]{section*.73}{\376\377\000A\000c\000k\000n\000o\000w\000l\000e\000d\000g\000m\000e\000n\000t\000s}{section*.2}% 73
\BOOKMARK [1][-]{section*.74}{\376\377\000R\000e\000f\000e\000r\000e\000n\000c\000e\000s}{section*.2}% 74
