\BOOKMARK [0][-]{section*.2}{\376\377\000O\000n\000\040\000t\000h\000e\000\040\000C\000o\000n\000s\000e\000q\000u\000e\000n\000c\000e\000s\000\040\000o\000f\000\040\000C\000a\000t\000e\000g\000o\000r\000i\000c\000a\000l\000\040\000S\000t\000a\000t\000e\000\040\000P\000r\000o\000p\000a\000g\000a\000t\000i\000o\000n\000\040\000:\000\040\000\040\000D\000e\000r\000i\000v\000a\000t\000i\000o\000n\000\040\000o\000f\000\040\000E\000l\000e\000c\000t\000r\000i\000c\000a\000l\000\040\000T\000r\000a\000n\000s\000p\000o\000r\000t\000\040\000L\000a\000w\000s\000\040\000f\000r\000o\000m\000\040\000P\000a\000r\000t\000i\000t\000i\000o\000n\000\040\000D\000y\000n\000a\000m\000i\000c\000s}{}% 2
\BOOKMARK [1][-]{section*.1}{\376\377\000A\000b\000s\000t\000r\000a\000c\000t}{section*.2}% 1
\BOOKMARK [1][-]{section*.3}{\376\377\000I\000n\000t\000r\000o\000d\000u\000c\000t\000i\000o\000n}{section*.2}% 3
\BOOKMARK [1][-]{section*.4}{\376\377\000C\000a\000t\000e\000g\000o\000r\000i\000c\000a\000l\000\040\000S\000t\000a\000t\000e\000s\000\040\000a\000n\000d\000\040\000P\000h\000a\000s\000e\000-\000L\000o\000c\000k\000\040\000N\000e\000t\000w\000o\000r\000k\000s}{section*.2}% 4
\BOOKMARK [2][-]{section*.5}{\376\377\000C\000a\000t\000e\000g\000o\000r\000i\000c\000a\000l\000\040\000S\000t\000a\000t\000e\000s}{section*.4}% 5
\BOOKMARK [2][-]{section*.6}{\376\377\000P\000h\000a\000s\000e\000-\000L\000o\000c\000k\000\040\000N\000e\000t\000w\000o\000r\000k\000s}{section*.4}% 6
\BOOKMARK [2][-]{section*.7}{\376\377\000C\000o\000l\000l\000e\000c\000t\000i\000v\000e\000\040\000R\000e\000s\000p\000o\000n\000s\000e\000\040\000a\000n\000d\000\040\000S\000i\000g\000n\000a\000l\000\040\000V\000e\000l\000o\000c\000i\000t\000y}{section*.4}% 7
\BOOKMARK [2][-]{section*.8}{\376\377\000T\000h\000e\000\040\000N\000e\000w\000t\000o\000n\000'\000s\000\040\000C\000r\000a\000d\000l\000e\000\040\000M\000e\000c\000h\000a\000n\000i\000s\000m}{section*.4}% 8
\BOOKMARK [1][-]{section*.9}{\376\377\000D\000e\000r\000i\000v\000a\000t\000i\000o\000n\000\040\000o\000f\000\040\000O\000h\000m\000'\000s\000\040\000L\000a\000w}{section*.2}% 9
\BOOKMARK [2][-]{section*.10}{\376\377\000P\000a\000r\000t\000i\000t\000i\000o\000n\000\040\000L\000a\000g}{section*.9}% 10
\BOOKMARK [2][-]{section*.11}{\376\377\000S\000c\000a\000t\000t\000e\000r\000i\000n\000g\000\040\000a\000n\000d\000\040\000P\000a\000r\000t\000i\000t\000i\000o\000n\000\040\000L\000a\000g}{section*.9}% 11
\BOOKMARK [2][-]{section*.12}{\376\377\000D\000e\000r\000i\000v\000a\000t\000i\000o\000n\000\040\000o\000f\000\040\000O\000h\000m\000'\000s\000\040\000L\000a\000w}{section*.9}% 12
\BOOKMARK [2][-]{section*.13}{\376\377\000C\000o\000n\000d\000u\000c\000t\000i\000v\000i\000t\000y\000\040\000a\000n\000d\000\040\000R\000e\000s\000i\000s\000t\000i\000v\000i\000t\000y}{section*.9}% 13
\BOOKMARK [1][-]{section*.14}{\376\377\000D\000e\000r\000i\000v\000a\000t\000i\000o\000n\000\040\000o\000f\000\040\000K\000i\000r\000c\000h\000h\000o\000f\000f\000'\000s\000\040\000L\000a\000w\000s}{section*.2}% 14
\BOOKMARK [2][-]{section*.15}{\376\377\000C\000a\000t\000e\000g\000o\000r\000i\000c\000a\000l\000\040\000C\000o\000n\000s\000e\000r\000v\000a\000t\000i\000o\000n}{section*.14}% 15
\BOOKMARK [2][-]{section*.16}{\376\377\000K\000i\000r\000c\000h\000h\000o\000f\000f\000'\000s\000\040\000C\000u\000r\000r\000e\000n\000t\000\040\000L\000a\000w}{section*.14}% 16
\BOOKMARK [2][-]{section*.17}{\376\377\000S\000-\000P\000o\000t\000e\000n\000t\000i\000a\000l\000\040\000a\000n\000d\000\040\000V\000o\000l\000t\000a\000g\000e}{section*.14}% 17
\BOOKMARK [2][-]{section*.18}{\376\377\000K\000i\000r\000c\000h\000h\000o\000f\000f\000'\000s\000\040\000V\000o\000l\000t\000a\000g\000e\000\040\000L\000a\000w}{section*.14}% 18
\BOOKMARK [2][-]{section*.19}{\376\377\000S\000e\000r\000i\000e\000s\000\040\000a\000n\000d\000\040\000P\000a\000r\000a\000l\000l\000e\000l\000\040\000C\000o\000m\000b\000i\000n\000a\000t\000i\000o\000n\000s}{section*.14}% 19
\BOOKMARK [1][-]{section*.20}{\376\377\000M\000i\000c\000r\000o\000s\000c\000o\000p\000i\000c\000\040\000T\000h\000e\000o\000r\000y\000\040\000o\000f\000\040\000R\000e\000s\000i\000s\000t\000i\000v\000i\000t\000y}{section*.2}% 20
\BOOKMARK [2][-]{section*.21}{\376\377\000E\000l\000e\000c\000t\000r\000o\000n\000-\000L\000a\000t\000t\000i\000c\000e\000\040\000C\000o\000u\000p\000l\000i\000n\000g}{section*.20}% 21
\BOOKMARK [2][-]{section*.22}{\376\377\000U\000n\000i\000v\000e\000r\000s\000a\000l\000\040\000R\000e\000s\000i\000s\000t\000i\000v\000i\000t\000y\000\040\000F\000o\000r\000m\000u\000l\000a}{section*.20}% 22
\BOOKMARK [2][-]{section*.23}{\376\377\000M\000a\000t\000t\000h\000i\000e\000s\000s\000e\000n\000'\000s\000\040\000R\000u\000l\000e}{section*.20}% 23
\BOOKMARK [2][-]{section*.24}{\376\377\000J\000o\000u\000l\000e\000\040\000H\000e\000a\000t\000i\000n\000g}{section*.20}% 24
\BOOKMARK [1][-]{section*.25}{\376\377\000T\000e\000m\000p\000e\000r\000a\000t\000u\000r\000e\000\040\000D\000e\000p\000e\000n\000d\000e\000n\000c\000e}{section*.2}% 25
\BOOKMARK [2][-]{section*.26}{\376\377\000P\000h\000o\000n\000o\000n\000\040\000S\000c\000a\000t\000t\000e\000r\000i\000n\000g}{section*.25}% 26
\BOOKMARK [2][-]{section*.27}{\376\377\000L\000o\000w\000-\000T\000e\000m\000p\000e\000r\000a\000t\000u\000r\000e\000\040\000B\000e\000h\000a\000v\000i\000o\000r}{section*.25}% 27
\BOOKMARK [2][-]{section*.28}{\376\377\000R\000e\000s\000i\000d\000u\000a\000l\000\040\000R\000e\000s\000i\000s\000t\000i\000v\000i\000t\000y\000\040\000R\000a\000t\000i\000o}{section*.25}% 28
\BOOKMARK [1][-]{section*.29}{\376\377\000S\000u\000p\000e\000r\000c\000o\000n\000d\000u\000c\000t\000i\000v\000i\000t\000y\000\040\000a\000s\000\040\000C\000o\000u\000p\000l\000i\000n\000g\000\040\000C\000o\000l\000l\000a\000p\000s\000e}{section*.2}% 29
\BOOKMARK [2][-]{section*.30}{\376\377\000C\000o\000o\000p\000e\000r\000\040\000P\000a\000i\000r\000i\000n\000g}{section*.29}% 30
\BOOKMARK [2][-]{section*.31}{\376\377\000C\000o\000u\000p\000l\000i\000n\000g\000\040\000C\000o\000l\000l\000a\000p\000s\000e}{section*.29}% 31
\BOOKMARK [2][-]{section*.32}{\376\377\000C\000r\000i\000t\000i\000c\000a\000l\000\040\000C\000u\000r\000r\000e\000n\000t}{section*.29}% 32
\BOOKMARK [1][-]{section*.33}{\376\377\000W\000i\000e\000d\000e\000m\000a\000n\000n\000-\000F\000r\000a\000n\000z\000\040\000L\000a\000w}{section*.2}% 33
\BOOKMARK [1][-]{section*.34}{\376\377\000D\000i\000s\000c\000u\000s\000s\000i\000o\000n}{section*.2}% 34
\BOOKMARK [2][-]{section*.35}{\376\377\000S\000u\000m\000m\000a\000r\000y\000\040\000o\000f\000\040\000R\000e\000s\000u\000l\000t\000s}{section*.34}% 35
\BOOKMARK [2][-]{section*.36}{\376\377\000P\000h\000y\000s\000i\000c\000a\000l\000\040\000I\000n\000t\000e\000r\000p\000r\000e\000t\000a\000t\000i\000o\000n}{section*.34}% 36
\BOOKMARK [2][-]{section*.37}{\376\377\000E\000x\000p\000e\000r\000i\000m\000e\000n\000t\000a\000l\000\040\000P\000r\000e\000d\000i\000c\000t\000i\000o\000n\000s}{section*.34}% 37
\BOOKMARK [2][-]{section*.38}{\376\377\000R\000e\000l\000a\000t\000i\000o\000n\000\040\000t\000o\000\040\000S\000t\000a\000n\000d\000a\000r\000d\000\040\000T\000h\000e\000o\000r\000y}{section*.34}% 38
\BOOKMARK [1][-]{section*.39}{\376\377\000C\000o\000n\000c\000l\000u\000s\000i\000o\000n}{section*.2}% 39
\BOOKMARK [1][-]{section*.40}{\376\377\000A\000c\000k\000n\000o\000w\000l\000e\000d\000g\000m\000e\000n\000t\000s}{section*.2}% 40
\BOOKMARK [1][-]{section*.41}{\376\377\000R\000e\000f\000e\000r\000e\000n\000c\000e\000s}{section*.2}% 41
